---
source: src/convert.rs
expression: rendered
extension: png
snapshot_kind: binary
---
